00:02.250  blend            | Read blend: "C:\Users\hello\Projects\Terrarium\SourceAssets\Blender\HomesteadPilot\RemainingArt\Lodge\Lodge.blend"
00:04.500  render           | Saved: 'C:\Users\hello\Projects\Terrarium\Docs\HomesteadPilot\RemainingArt\Lodge-LOD0.png'
00:05.672  render           | Saved: 'C:\Users\hello\Projects\Terrarium\Docs\HomesteadPilot\RemainingArt\Lodge-LOD2.png'
FBX version: 7400
FBX version: 7400
FBX version: 7400
VERIFIED_REMAINING_ART Lodge
00:07.625  blend            | Read blend: "C:\Users\hello\Projects\Terrarium\SourceAssets\Blender\HomesteadPilot\RemainingArt\CivicHall\CivicHall.blend"
00:10.984  render           | Saved: 'C:\Users\hello\Projects\Terrarium\Docs\HomesteadPilot\RemainingArt\CivicHall-LOD0.png'
00:12.359  render           | Saved: 'C:\Users\hello\Projects\Terrarium\Docs\HomesteadPilot\RemainingArt\CivicHall-LOD2.png'
FBX version: 7400
FBX version: 7400
FBX version: 7400
VERIFIED_REMAINING_ART CivicHall
00:14.719  blend            | Read blend: "C:\Users\hello\Projects\Terrarium\SourceAssets\Blender\HomesteadPilot\RemainingArt\HomesteadCompound\HomesteadCompound.blend"
00:16.781  render           | Saved: 'C:\Users\hello\Projects\Terrarium\Docs\HomesteadPilot\RemainingArt\HomesteadCompound-LOD0.png'
00:17.891  render           | Saved: 'C:\Users\hello\Projects\Terrarium\Docs\HomesteadPilot\RemainingArt\HomesteadCompound-LOD2.png'
FBX version: 7400
FBX version: 7400
FBX version: 7400
VERIFIED_REMAINING_ART HomesteadCompound
00:19.734  blend            | Read blend: "C:\Users\hello\Projects\Terrarium\SourceAssets\Blender\HomesteadPilot\RemainingArt\MarketStall\MarketStall.blend"
00:20.813  render           | Saved: 'C:\Users\hello\Projects\Terrarium\Docs\HomesteadPilot\RemainingArt\MarketStall-LOD0.png'
00:21.750  render           | Saved: 'C:\Users\hello\Projects\Terrarium\Docs\HomesteadPilot\RemainingArt\MarketStall-LOD2.png'
FBX version: 7400
FBX version: 7400
FBX version: 7400
VERIFIED_REMAINING_ART MarketStall
00:22.156  blend            | Read blend: "C:\Users\hello\Projects\Terrarium\SourceAssets\Blender\HomesteadPilot\RemainingArt\Sign\Sign.blend"
00:22.969  render           | Saved: 'C:\Users\hello\Projects\Terrarium\Docs\HomesteadPilot\RemainingArt\Sign-LOD0.png'
00:23.734  render           | Saved: 'C:\Users\hello\Projects\Terrarium\Docs\HomesteadPilot\RemainingArt\Sign-LOD2.png'
FBX version: 7400
FBX version: 7400
FBX version: 7400
VERIFIED_REMAINING_ART Sign
00:24.000  blend            | Read blend: "C:\Users\hello\Projects\Terrarium\SourceAssets\Blender\HomesteadPilot\RemainingArt\Lantern\Lantern.blend"
00:24.750  render           | Saved: 'C:\Users\hello\Projects\Terrarium\Docs\HomesteadPilot\RemainingArt\Lantern-LOD0.png'
00:25.453  render           | Saved: 'C:\Users\hello\Projects\Terrarium\Docs\HomesteadPilot\RemainingArt\Lantern-LOD2.png'
FBX version: 7400
FBX version: 7400
FBX version: 7400
VERIFIED_REMAINING_ART Lantern
00:25.688  blend            | Read blend: "C:\Users\hello\Projects\Terrarium\SourceAssets\Blender\HomesteadPilot\RemainingArt\MossTonic\MossTonic.blend"
FBX version: 7400
FBX version: 7400
FBX version: 7400
VERIFIED_REMAINING_ART MossTonic
00:26.125  blend            | Read blend: "C:\Users\hello\Projects\Terrarium\SourceAssets\Blender\HomesteadPilot\RemainingArt\TrailPrism\TrailPrism.blend"
FBX version: 7400
FBX version: 7400
FBX version: 7400
VERIFIED_REMAINING_ART TrailPrism
00:26.422  blend            | Read blend: "C:\Users\hello\Projects\Terrarium\SourceAssets\Blender\HomesteadPilot\RemainingArt\EmberCrest\EmberCrest.blend"
FBX version: 7400
FBX version: 7400
FBX version: 7400
VERIFIED_REMAINING_ART EmberCrest
00:26.906  blend            | Read blend: "C:\Users\hello\Projects\Terrarium\SourceAssets\Blender\HomesteadPilot\RemainingArt\DeepDelverMark\DeepDelverMark.blend"
FBX version: 7400
FBX version: 7400
FBX version: 7400
VERIFIED_REMAINING_ART DeepDelverMark
00:27.391  blend            | Read blend: "C:\Users\hello\Projects\Terrarium\SourceAssets\Blender\HomesteadPilot\RemainingArt\Grove\Grove.blend"
FBX version: 7400
FBX version: 7400
FBX version: 7400
VERIFIED_REMAINING_ART Grove
00:27.656  blend            | Read blend: "C:\Users\hello\Projects\Terrarium\SourceAssets\Blender\HomesteadPilot\RemainingArt\Tide\Tide.blend"
FBX version: 7400
FBX version: 7400
FBX version: 7400
VERIFIED_REMAINING_ART Tide
00:27.922  blend            | Read blend: "C:\Users\hello\Projects\Terrarium\SourceAssets\Blender\HomesteadPilot\RemainingArt\Ember\Ember.blend"
FBX version: 7400
FBX version: 7400
FBX version: 7400
VERIFIED_REMAINING_ART Ember
00:28.344  blend            | Read blend: "C:\Users\hello\Projects\Terrarium\SourceAssets\Blender\HomesteadPilot\RemainingArt\Storm\Storm.blend"
FBX version: 7400
FBX version: 7400
FBX version: 7400
VERIFIED_REMAINING_ART Storm
00:28.594  blend            | Read blend: "C:\Users\hello\Projects\Terrarium\SourceAssets\Blender\HomesteadPilot\RemainingArt\BridgeThreshold\BridgeThreshold.blend"
FBX version: 7400
FBX version: 7400
FBX version: 7400
VERIFIED_REMAINING_ART BridgeThreshold
Blender 5.2.1 LTS (hash 9e2066aef7ef built 2026-08-25 02:38:20)

Blender quit
Error: Not freed memory blocks: 1, total unfreed memory 0.000023 MB
